// Jest Snapshot v1, https://goo.gl/fbAQLP

exports[`i18n translations routes POST /api/translations/setasdeafult should have a validation schema 1`] = `
Object {
  "children": Object {
    "key": Object {
      "invalids": Array [
        "",
      ],
      "type": "string",
    },
  },
  "flags": Object {
    "presence": "required",
  },
  "type": "object",
}
`;

exports[`i18n translations routes POST should have a validation schema 1`] = `
Object {
  "children": Object {
    "__v": Object {
      "invalids": Array [
        Infinity,
        -Infinity,
      ],
      "type": "number",
    },
    "_id": Object {
      "invalids": Array [
        "",
      ],
      "type": "string",
    },
    "contexts": Object {
      "flags": Object {
        "presence": "required",
        "sparse": false,
      },
      "items": Array [
        Object {
          "children": Object {
            "_id": Object {
              "invalids": Array [
                "",
              ],
              "type": "string",
            },
            "id": Object {
              "invalids": Array [
                "",
              ],
              "type": "string",
            },
            "label": Object {
              "invalids": Array [
                "",
              ],
              "type": "string",
            },
            "type": Object {
              "invalids": Array [
                "",
              ],
              "type": "string",
            },
            "values": Object {
              "patterns": Array [
                Object {
                  "regex": "/\\\\w+/",
                  "rule": Object {
                    "invalids": Array [
                      "",
                    ],
                    "type": "string",
                  },
                },
              ],
              "type": "object",
            },
          },
          "type": "object",
        },
      ],
      "type": "array",
    },
    "locale": Object {
      "flags": Object {
        "presence": "required",
      },
      "invalids": Array [
        "",
      ],
      "type": "string",
    },
  },
  "flags": Object {
    "presence": "required",
  },
  "type": "object",
}
`;
